Menu Principal
1 - Abrir
2 - Guardar
3 - Mostrar Data
4 - Avançar Data
5 - Gestão de Produtos
6 - Gestão de Clientes
7 - Gestão de Fornecedores
8 - Gestão de Transacções
9 - Menu de Consultas
10 - Ver Saldo Global
0 - Sair
Escolha uma opção: Gestão de Transacções
1 - Visualizar
2 - Registar venda
3 - Registar encomenda
4 - Pagar
0 - Sair
Escolha uma opção: Identificador do fornecedor: Identificador do produto: Quantidade: Encomendar mais produtos? (s/n) Identificador do produto: Quantidade: Encomendar mais produtos? (s/n) Gestão de Transacções
1 - Visualizar
2 - Registar venda
3 - Registar encomenda
4 - Pagar
0 - Sair
Escolha uma opção: Identificador do fornecedor: Identificador do produto: Quantidade: Encomendar mais produtos? (s/n) Identificador do produto: Quantidade: Encomendar mais produtos? (s/n) Identificador do produto: Quantidade: Encomendar mais produtos? (s/n) Gestão de Transacções
1 - Visualizar
2 - Registar venda
3 - Registar encomenda
4 - Pagar
0 - Sair
Escolha uma opção: Identificador do fornecedor: Identificador do produto: Quantidade: Encomendar mais produtos? (s/n) Gestão de Transacções
1 - Visualizar
2 - Registar venda
3 - Registar encomenda
4 - Pagar
0 - Sair
Escolha uma opção: Identificador do fornecedor: Identificador do produto: Quantidade: Encomendar mais produtos? (s/n) Identificador do produto: Quantidade: Encomendar mais produtos? (s/n) Identificador do produto: Quantidade: Encomendar mais produtos? (s/n) Gestão de Transacções
1 - Visualizar
2 - Registar venda
3 - Registar encomenda
4 - Pagar
0 - Sair
Escolha uma opção: Identificador do fornecedor: Identificador do produto: Quantidade: Encomendar mais produtos? (s/n) Gestão de Transacções
1 - Visualizar
2 - Registar venda
3 - Registar encomenda
4 - Pagar
0 - Sair
Escolha uma opção: Identificador do fornecedor: Identificador do produto: Quantidade: Encomendar mais produtos? (s/n) Gestão de Transacções
1 - Visualizar
2 - Registar venda
3 - Registar encomenda
4 - Pagar
0 - Sair
Escolha uma opção: Identificador do fornecedor: Identificador do produto: Quantidade: Encomendar mais produtos? (s/n) Identificador do produto: Quantidade: Encomendar mais produtos? (s/n) Gestão de Transacções
1 - Visualizar
2 - Registar venda
3 - Registar encomenda
4 - Pagar
0 - Sair
Escolha uma opção: Menu Principal
1 - Abrir
2 - Guardar
3 - Mostrar Data
4 - Avançar Data
5 - Gestão de Produtos
6 - Gestão de Clientes
7 - Gestão de Fornecedores
8 - Gestão de Transacções
9 - Menu de Consultas
10 - Ver Saldo Global
0 - Sair
Escolha uma opção: Gestão de Fornecedores
1 - Mostrar fornecedores
2 - Registar
3 - Permitir/inibir transacções
4 - Consultar transacções
0 - Sair
Escolha uma opção: Identificador do fornecedor: 1|P2|60|0
2H2|1
4CO2|2
3O3|3
5|P2|132|0
2H2|33
6|P2|84|0
2H2|1
7M5|10
Gestão de Fornecedores
1 - Mostrar fornecedores
2 - Registar
3 - Permitir/inibir transacções
4 - Consultar transacções
0 - Sair
Escolha uma opção: Identificador do fornecedor: 0|P1|118|0
1C6H5OH|1
8B1256|2
2|P1|5|0
B1937|1
3|P1|127|0
B1937|1
8B1256|2
1C6H5OH|3
4|P1|6|0
1C6H5OH|3
Gestão de Fornecedores
1 - Mostrar fornecedores
2 - Registar
3 - Permitir/inibir transacções
4 - Consultar transacções
0 - Sair
Escolha uma opção: Menu Principal
1 - Abrir
2 - Guardar
3 - Mostrar Data
4 - Avançar Data
5 - Gestão de Produtos
6 - Gestão de Clientes
7 - Gestão de Fornecedores
8 - Gestão de Transacções
9 - Menu de Consultas
10 - Ver Saldo Global
0 - Sair
Escolha uma opção: 