Menu Principal
1 - Abrir
2 - Guardar
3 - Mostrar Data
4 - Avançar Data
5 - Gestão de Produtos
6 - Gestão de Clientes
7 - Gestão de Fornecedores
8 - Gestão de Transacções
9 - Menu de Consultas
10 - Ver Saldo Global
0 - Sair
Escolha uma opção: Gestão de Fornecedores
1 - Mostrar fornecedores
2 - Registar
3 - Permitir/inibir transacções
4 - Consultar transacções
0 - Sair
Escolha uma opção: Identificador do fornecedor: Gestão de Fornecedores
1 - Mostrar fornecedores
2 - Registar
3 - Permitir/inibir transacções
4 - Consultar transacções
0 - Sair
Escolha uma opção: Identificador do fornecedor: Consultar transacções: Operação inválida: O fornecedor 'P0' não existe.
Gestão de Fornecedores
1 - Mostrar fornecedores
2 - Registar
3 - Permitir/inibir transacções
4 - Consultar transacções
0 - Sair
Escolha uma opção: Menu Principal
1 - Abrir
2 - Guardar
3 - Mostrar Data
4 - Avançar Data
5 - Gestão de Produtos
6 - Gestão de Clientes
7 - Gestão de Fornecedores
8 - Gestão de Transacções
9 - Menu de Consultas
10 - Ver Saldo Global
0 - Sair
Escolha uma opção: 