Menu Principal
1 - Abrir
2 - Guardar
3 - Mostrar Data
4 - Avançar Data
5 - Gestão de Produtos
6 - Gestão de Clientes
7 - Gestão de Fornecedores
8 - Gestão de Transacções
9 - Menu de Consultas
10 - Ver Saldo Global
0 - Sair
Escolha uma opção: Gestão de Transacções
1 - Visualizar
2 - Registar venda
3 - Registar encomenda
4 - Pagar
0 - Sair
Escolha uma opção: Identificador do cliente: Data limite de pagamento: Identificador do produto: Quantidade: Gestão de Transacções
1 - Visualizar
2 - Registar venda
3 - Registar encomenda
4 - Pagar
0 - Sair
Escolha uma opção: Identificador do cliente: Data limite de pagamento: Identificador do produto: Quantidade: Gestão de Transacções
1 - Visualizar
2 - Registar venda
3 - Registar encomenda
4 - Pagar
0 - Sair
Escolha uma opção: Identificador da transacção: 0|R2|1C6H5OH|10|20|20|1
Gestão de Transacções
1 - Visualizar
2 - Registar venda
3 - Registar encomenda
4 - Pagar
0 - Sair
Escolha uma opção: Identificador da transacção: 1|R2|6M2|30|120|120|1
Gestão de Transacções
1 - Visualizar
2 - Registar venda
3 - Registar encomenda
4 - Pagar
0 - Sair
Escolha uma opção: Menu Principal
1 - Abrir
2 - Guardar
3 - Mostrar Data
4 - Avançar Data
5 - Gestão de Produtos
6 - Gestão de Clientes
7 - Gestão de Fornecedores
8 - Gestão de Transacções
9 - Menu de Consultas
10 - Ver Saldo Global
0 - Sair
Escolha uma opção: Gestão de Produtos
1 - Visualizar
2 - Registar Caixa
3 - Registar Contentor
4 - Registar Livro
5 - Alterar Preço
0 - Sair
Escolha uma opção: BOX|1C6H5OH|P1|2|20|90|NORMAL
BOX|2H2|P2|4|20|100|AIR
BOX|3O3|P2|8|20|100|EXPRESS
BOX|4CO2|P2|16|20|0|PERSONAL
CONTAINER|6M2|P2|4|20|70|AIR|C4
CONTAINER|7M5|P2|8|20|100|EXPRESS|B4
BOOK|8B1256|P1|58|2|5|Os Lusíadas|Luís de Camões|1234567890
BOOK|B1937|P1|5|2|5|How to fix almost everything|Satoshi Yamada|1928374650
Gestão de Produtos
1 - Visualizar
2 - Registar Caixa
3 - Registar Contentor
4 - Registar Livro
5 - Alterar Preço
0 - Sair
Escolha uma opção: Menu Principal
1 - Abrir
2 - Guardar
3 - Mostrar Data
4 - Avançar Data
5 - Gestão de Produtos
6 - Gestão de Clientes
7 - Gestão de Fornecedores
8 - Gestão de Transacções
9 - Menu de Consultas
10 - Ver Saldo Global
0 - Sair
Escolha uma opção: Gestão de Clientes
1 - Mostrar cliente
2 - Mostrar clientes
3 - Registar cliente
4 - Activa/desactivar notificações de um produto
5 - Mostrar transacções do cliente
0 - Sair
Escolha uma opção: R2|Jorge Figueiredo|Lisboa, Portugal|NORMAL|140|0
S2|Ricardo Figueiredo|Lisboa|NORMAL|0|0
Gestão de Clientes
1 - Mostrar cliente
2 - Mostrar clientes
3 - Registar cliente
4 - Activa/desactivar notificações de um produto
5 - Mostrar transacções do cliente
0 - Sair
Escolha uma opção: Menu Principal
1 - Abrir
2 - Guardar
3 - Mostrar Data
4 - Avançar Data
5 - Gestão de Produtos
6 - Gestão de Clientes
7 - Gestão de Fornecedores
8 - Gestão de Transacções
9 - Menu de Consultas
10 - Ver Saldo Global
0 - Sair
Escolha uma opção: 